#
# There is insufficient memory for the Java Runtime Environment to continue.
# Native memory allocation (malloc) failed to allocate 1124128 bytes. Error detail: Chunk::new
# Possible reasons:
#   The system is out of physical RAM or swap space
#   This process is running with CompressedOops enabled, and the Java Heap may be blocking the growth of the native heap
# Possible solutions:
#   Reduce memory load on the system
#   Increase physical memory or swap space
#   Check if swap backing store is full
#   Decrease Java heap size (-Xmx/-Xms)
#   Decrease number of Java threads
#   Decrease Java thread stack sizes (-Xss)
#   Set larger code cache with -XX:ReservedCodeCacheSize=
#   JVM is running with Unscaled Compressed Oops mode in which the Java heap is
#     placed in the first 4GB address space. The Java Heap base address is the
#     maximum limit for the native heap growth. Please use -XX:HeapBaseMinAddress
#     to set the Java Heap base and to place the Java Heap above 4GB virtual address.
# This output file may be truncated or incomplete.
#
#  Out of Memory Error (arena.cpp:168), pid=35136, tid=32956
#
# JRE version: OpenJDK Runtime Environment Temurin-21.0.12.1+1 (21.0.12.1+1) (build 21.0.12.1+1-LTS)
# Java VM: OpenJDK 64-Bit Server VM Temurin-21.0.12.1+1 (21.0.12.1+1-LTS, mixed mode, sharing, tiered, compressed oops, compressed class ptrs, parallel gc, windows-amd64)
# No core dump will be written. Minidumps are not enabled by default on client versions of Windows
#

---------------  S U M M A R Y ------------

Command Line: --add-modules=ALL-SYSTEM --add-opens=java.base/java.util=ALL-UNNAMED --add-opens=java.base/java.lang=ALL-UNNAMED --add-opens=java.base/sun.nio.fs=ALL-UNNAMED -Declipse.application=org.eclipse.jdt.ls.core.id1 -Dosgi.bundles.defaultStartLevel=4 -Declipse.product=org.eclipse.jdt.ls.core.product -Djava.import.generatesMetadataFilesAtProjectRoot=false -Dm2e.project.cache.size=50 -DDetectVMInstallationsJob.disabled=true -Dfile.encoding=utf8 -XX:+UseParallelGC -XX:GCTimeRatio=4 -XX:AdaptiveSizePolicyWeight=90 -Dsun.zip.disableMemoryMapping=true -Xmx2G -Xms100m -Xlog:disable -javaagent:c:\Users\HP\.vscode\extensions\redhat.java-1.56.0-win32-x64\lombok\lombok-1.18.39-4050.jar -XX:+HeapDumpOnOutOfMemoryError -XX:HeapDumpPath=c:\Users\HP\AppData\Roaming\Code\User\workspaceStorage\1c718b16ee8a15ff31c0a31035361a0a\redhat.java -Daether.dependencyCollector.impl=bf c:\Users\HP\.vscode\extensions\redhat.java-1.56.0-win32-x64\server\plugins\org.eclipse.equinox.launcher_1.8.0.v20260804-1928.jar -configuration c:\Users\HP\AppData\Roaming\Code\User\globalStorage\redhat.java\1.56.0\config_win -data c:\Users\HP\AppData\Roaming\Code\User\workspaceStorage\1c718b16ee8a15ff31c0a31035361a0a\redhat.java\jdt_ws --stdio

Host: 13th Gen Intel(R) Core(TM) i5-13420H, 12 cores, 15G,  Windows 11 , 64 bit Build 26100 (10.0.26100.9168)
Time: Thu Sep 10 00:06:32 2026 India Standard Time elapsed time: 3606.052852 seconds (0d 1h 0m 6s)

---------------  T H R E A D  ---------------

Current thread (0x00000254520c5170):  JavaThread "C2 CompilerThread0" daemon [_thread_in_native, id=32956, stack(0x000000f348900000,0x000000f348a00000) (1024K)]


Current CompileTask:
C2:3606053 21243   !   4       org.eclipse.core.internal.runtime.RuntimeLog::logToListeners (79 bytes)

Stack: [0x000000f348900000,0x000000f348a00000]
Native frames: (J=compiled Java code, j=interpreted, Vv=VM code, C=native code)
V  [jvm.dll+0x6d83e9]
V  [jvm.dll+0x8b5736]
V  [jvm.dll+0x8b7cee]
V  [jvm.dll+0x8b83d3]
V  [jvm.dll+0x284596]
V  [jvm.dll+0xc685d]
V  [jvm.dll+0xc6da1]
V  [jvm.dll+0x3bf18b]
V  [jvm.dll+0x1e4149]
V  [jvm.dll+0x24c853]
V  [jvm.dll+0x24bce0]
V  [jvm.dll+0x1cb4ae]
V  [jvm.dll+0x25baad]
V  [jvm.dll+0x25a03a]
V  [jvm.dll+0x3f8aae]
V  [jvm.dll+0x8600cd]
V  [jvm.dll+0x6d6c1d]
C  [ucrtbase.dll+0x2cd30]
C  [KERNEL32.DLL+0x2ccb7]
C  [ntdll.dll+0xaad6c]


---------------  P R O C E S S  ---------------

Threads class SMR info:
_java_thread_list=0x00000254719ad7e0, length=40, elements={
0x000002545200da30, 0x00000254520b3400, 0x0000025468abd4b0, 0x00000254520b5e20,
0x00000254520b8c20, 0x00000254520b9a30, 0x00000254520bf660, 0x00000254520c5170,
0x00000254520ca2e0, 0x000002546a0b44f0, 0x000002546a168760, 0x000002546f8556a0,
0x000002546f7cd6d0, 0x000002546f7cbaf0, 0x000002546f7cc160, 0x000002546fd711a0,
0x0000025470091860, 0x000002546fc935d0, 0x00000254700db060, 0x00000254700dc410,
0x000002546fff8450, 0x000002546fff70a0, 0x000002546fff6380, 0x000002547063b590,
0x0000025472e02f60, 0x0000025473071180, 0x000002546fff7dc0, 0x0000025471499140,
0x0000025471499e60, 0x0000025471497d90, 0x000002547149a4f0, 0x0000025471498ab0,
0x00000254714997d0, 0x0000025471497070, 0x000002547149ab80, 0x0000025471498420,
0x0000025471497700, 0x000002546f6c9eb0, 0x000002546f6ca540, 0x000002546f6c7de0
}

Java Threads: ( => current thread )
  0x000002545200da30 JavaThread "main"                              [_thread_blocked, id=31720, stack(0x000000f347f00000,0x000000f348000000) (1024K)]
  0x00000254520b3400 JavaThread "Reference Handler"          daemon [_thread_blocked, id=4476, stack(0x000000f348300000,0x000000f348400000) (1024K)]
  0x0000025468abd4b0 JavaThread "Finalizer"                  daemon [_thread_blocked, id=2892, stack(0x000000f348400000,0x000000f348500000) (1024K)]
  0x00000254520b5e20 JavaThread "Signal Dispatcher"          daemon [_thread_blocked, id=33036, stack(0x000000f348500000,0x000000f348600000) (1024K)]
  0x00000254520b8c20 JavaThread "Attach Listener"            daemon [_thread_blocked, id=13820, stack(0x000000f348600000,0x000000f348700000) (1024K)]
  0x00000254520b9a30 JavaThread "Service Thread"             daemon [_thread_blocked, id=12144, stack(0x000000f348700000,0x000000f348800000) (1024K)]
  0x00000254520bf660 JavaThread "Monitor Deflation Thread"   daemon [_thread_blocked, id=5156, stack(0x000000f348800000,0x000000f348900000) (1024K)]
=>0x00000254520c5170 JavaThread "C2 CompilerThread0"         daemon [_thread_in_native, id=32956, stack(0x000000f348900000,0x000000f348a00000) (1024K)]
  0x00000254520ca2e0 JavaThread "C1 CompilerThread0"         daemon [_thread_blocked, id=10556, stack(0x000000f348a00000,0x000000f348b00000) (1024K)]
  0x000002546a0b44f0 JavaThread "Common-Cleaner"             daemon [_thread_blocked, id=33444, stack(0x000000f348b00000,0x000000f348c00000) (1024K)]
  0x000002546a168760 JavaThread "Notification Thread"        daemon [_thread_blocked, id=6732, stack(0x000000f348d00000,0x000000f348e00000) (1024K)]
  0x000002546f8556a0 JavaThread "Active Thread: Equinox Container: 324042f5-be0e-4dad-a303-24c3ad9438de"        [_thread_blocked, id=2760, stack(0x000000f349500000,0x000000f349600000) (1024K)]
  0x000002546f7cd6d0 JavaThread "Refresh Thread: Equinox Container: 324042f5-be0e-4dad-a303-24c3ad9438de" daemon [_thread_blocked, id=4384, stack(0x000000f349700000,0x000000f349800000) (1024K)]
  0x000002546f7cbaf0 JavaThread "Framework Event Dispatcher: Equinox Container: 324042f5-be0e-4dad-a303-24c3ad9438de" daemon [_thread_blocked, id=36012, stack(0x000000f349800000,0x000000f349900000) (1024K)]
  0x000002546f7cc160 JavaThread "Start Level: Equinox Container: 324042f5-be0e-4dad-a303-24c3ad9438de" daemon [_thread_blocked, id=28336, stack(0x000000f349900000,0x000000f349a00000) (1024K)]
  0x000002546fd711a0 JavaThread "Bundle File Closer"         daemon [_thread_blocked, id=35856, stack(0x000000f349c00000,0x000000f349d00000) (1024K)]
  0x0000025470091860 JavaThread "SCR Component Actor"        daemon [_thread_blocked, id=32148, stack(0x000000f348c00000,0x000000f348d00000) (1024K)]
  0x000002546fc935d0 JavaThread "Worker-JM"                         [_thread_blocked, id=25232, stack(0x000000f349d00000,0x000000f349e00000) (1024K)]
  0x00000254700db060 JavaThread "Java indexing"              daemon [_thread_blocked, id=25120, stack(0x000000f34a200000,0x000000f34a300000) (1024K)]
  0x00000254700dc410 JavaThread "JNA Cleaner"                daemon [_thread_blocked, id=15156, stack(0x000000f349f00000,0x000000f34a000000) (1024K)]
  0x000002546fff8450 JavaThread "pool-2-thread-1"                   [_thread_blocked, id=10692, stack(0x000000f34a700000,0x000000f34a800000) (1024K)]
  0x000002546fff70a0 JavaThread "WorkspaceEventsHandler"            [_thread_blocked, id=1836, stack(0x000000f34a900000,0x000000f34aa00000) (1024K)]
  0x000002546fff6380 JavaThread "pool-1-thread-1"                   [_thread_in_native, id=9264, stack(0x000000f34aa00000,0x000000f34ab00000) (1024K)]
  0x000002547063b590 JavaThread "Worker-10: Initialize workspace"        [_thread_blocked, id=24712, stack(0x000000f34af00000,0x000000f34b000000) (1024K)]
  0x0000025472e02f60 JavaThread "Worker-178"                        [_thread_blocked, id=35488, stack(0x000000f34de00000,0x000000f34df00000) (1024K)]
  0x0000025473071180 JavaThread "Worker-646: Initialize Workspace"        [_thread_in_native, id=27364, stack(0x000000f34fc00000,0x000000f34fd00000) (1024K)]
  0x000002546fff7dc0 JavaThread "PatternSearchJob-worker-2"  daemon [_thread_blocked, id=17020, stack(0x000000f34a500000,0x000000f34a600000) (1024K)]
  0x0000025471499140 JavaThread "PatternSearchJob-worker-4"  daemon [_thread_blocked, id=34232, stack(0x000000f351800000,0x000000f351900000) (1024K)]
  0x0000025471499e60 JavaThread "PatternSearchJob-worker-5"  daemon [_thread_blocked, id=3428, stack(0x000000f351900000,0x000000f351a00000) (1024K)]
  0x0000025471497d90 JavaThread "PatternSearchJob-worker-6"  daemon [_thread_blocked, id=26764, stack(0x000000f351a00000,0x000000f351b00000) (1024K)]
  0x000002547149a4f0 JavaThread "PatternSearchJob-worker-3"  daemon [_thread_blocked, id=18596, stack(0x000000f351b00000,0x000000f351c00000) (1024K)]
  0x0000025471498ab0 JavaThread "PatternSearchJob-worker-1"  daemon [_thread_blocked, id=11116, stack(0x000000f351c00000,0x000000f351d00000) (1024K)]
  0x00000254714997d0 JavaThread "PatternSearchJob-worker-7"  daemon [_thread_blocked, id=28824, stack(0x000000f351d00000,0x000000f351e00000) (1024K)]
  0x0000025471497070 JavaThread "PatternSearchJob-worker-8"  daemon [_thread_blocked, id=24324, stack(0x000000f351e00000,0x000000f351f00000) (1024K)]
  0x000002547149ab80 JavaThread "PatternSearchJob-worker-9"  daemon [_thread_blocked, id=7248, stack(0x000000f351f00000,0x000000f352000000) (1024K)]
  0x0000025471498420 JavaThread "PatternSearchJob-worker-10" daemon [_thread_blocked, id=14416, stack(0x000000f352000000,0x000000f352100000) (1024K)]
  0x0000025471497700 JavaThread "PatternSearchJob-worker-11" daemon [_thread_blocked, id=12836, stack(0x000000f352100000,0x000000f352200000) (1024K)]
  0x000002546f6c9eb0 JavaThread "Compiler Source File Reader" daemon [_thread_blocked, id=6160, stack(0x000000f347e00000,0x000000f347f00000) (1024K)]
  0x000002546f6ca540 JavaThread "Compiler Class File Writer" daemon [_thread_blocked, id=24540, stack(0x000000f349e00000,0x000000f349f00000) (1024K)]
  0x000002546f6c7de0 JavaThread "Worker-873: Update classpath Job"        [_thread_blocked, id=34840, stack(0x000000f347c00000,0x000000f347d00000) (1024K)]
Total: 40

Other Threads:
  0x00000254520aeb70 VMThread "VM Thread"                           [id=7212, stack(0x000000f348200000,0x000000f348300000) (1024K)]
  0x000002546899ca10 WatcherThread "VM Periodic Task Thread"        [id=27080, stack(0x000000f348100000,0x000000f348200000) (1024K)]
  0x000002545202b660 WorkerThread "GC Thread#0"                     [id=16296, stack(0x000000f348000000,0x000000f348100000) (1024K)]
  0x000002546f901730 WorkerThread "GC Thread#1"                     [id=33312, stack(0x000000f348f00000,0x000000f349000000) (1024K)]
  0x000002546f3280c0 WorkerThread "GC Thread#2"                     [id=2264, stack(0x000000f349000000,0x000000f349100000) (1024K)]
  0x000002546f5a1da0 WorkerThread "GC Thread#3"                     [id=29960, stack(0x000000f349100000,0x000000f349200000) (1024K)]
  0x000002546f5a2150 WorkerThread "GC Thread#4"                     [id=31052, stack(0x000000f349200000,0x000000f349300000) (1024K)]
  0x000002546f5a2500 WorkerThread "GC Thread#5"                     [id=5736, stack(0x000000f349300000,0x000000f349400000) (1024K)]
  0x000002546f666050 WorkerThread "GC Thread#6"                     [id=7164, stack(0x000000f349400000,0x000000f349500000) (1024K)]
  0x000002546f9b8290 WorkerThread "GC Thread#7"                     [id=23520, stack(0x000000f349600000,0x000000f349700000) (1024K)]
  0x0000025470003010 WorkerThread "GC Thread#8"                     [id=736, stack(0x000000f349a00000,0x000000f349b00000) (1024K)]
  0x00000254701b1a40 WorkerThread "GC Thread#9"                     [id=14276, stack(0x000000f349b00000,0x000000f349c00000) (1024K)]
Total: 12

Threads with active compile tasks:
C2 CompilerThread0  3606084 21243   !   4       org.eclipse.core.internal.runtime.RuntimeLog::logToListeners (79 bytes)
Total: 1

VM state: not at safepoint (normal execution)

VM Mutex/Monitor currently owned by a thread: None

Heap address: 0x0000000080000000, size: 2048 MB, Compressed Oops mode: 32-bit

CDS archive(s) mapped at: [0x0000025400000000-0x0000025400ba0000-0x0000025400ba0000), size 12189696, SharedBaseAddress: 0x0000025400000000, ArchiveRelocationMode: 1.
Compressed class space mapped at: 0x0000025401000000-0x0000025441000000, reserved size: 1073741824
Narrow klass base: 0x0000025400000000, Narrow klass shift: 0, Narrow klass range: 0x100000000

GC Precious Log:
 CardTable entry size: 512
 CPUs: 12 total, 12 available
 Memory: 16013M
 Large Page Support: Disabled
 NUMA Support: Disabled
 Compressed Oops: Enabled (32-bit)
 Alignments: Space 512K, Generation 512K, Heap 2M
 Heap Min Capacity: 100M
 Heap Initial Capacity: 100M
 Heap Max Capacity: 2G
 Pre-touch: Disabled
 Parallel Workers: 10

Heap:
 PSYoungGen      total 3072K, used 1003K [0x00000000d5580000, 0x00000000d5a00000, 0x0000000100000000)
  eden space 2560K, 32% used [0x00000000d5580000,0x00000000d5652e88,0x00000000d5800000)
  from space 512K, 31% used [0x00000000d5980000,0x00000000d59a8000,0x00000000d5a00000)
  to   space 512K, 0% used [0x00000000d5900000,0x00000000d5900000,0x00000000d5980000)
 ParOldGen       total 199168K, used 198872K [0x0000000080000000, 0x000000008c280000, 0x00000000d5580000)
  object space 199168K, 99% used [0x0000000080000000,0x000000008c236200,0x000000008c280000)
 Metaspace       used 70608K, committed 72256K, reserved 1114112K
  class space    used 7161K, committed 8000K, reserved 1048576K

Card table byte_map: [0x00000254519b0000,0x0000025451dc0000] _byte_map_base: 0x00000254515b0000

Marking Bits: (ParMarkBitMap*) 0x00007ffcbbdc44a0
 Begin Bits: [0x00000254644c0000, 0x00000254664c0000)
 End Bits:   [0x00000254664c0000, 0x00000254684c0000)

Polling page: 0x000002544fc60000

Metaspace:

Usage:
  Non-class:     61.96 MB used.
      Class:      6.99 MB used.
       Both:     68.95 MB used.

Virtual space:
  Non-class space:       64.00 MB reserved,      62.75 MB ( 98%) committed,  1 nodes.
      Class space:        1.00 GB reserved,       7.81 MB ( <1%) committed,  1 nodes.
             Both:        1.06 GB reserved,      70.56 MB (  6%) committed. 

Chunk freelists:
   Non-Class:  1.12 MB
       Class:  8.30 MB
        Both:  9.42 MB

MaxMetaspaceSize: unlimited
CompressedClassSpaceSize: 1.00 GB
Initial GC threshold: 21.00 MB
Current GC threshold: 117.12 MB
CDS: on
 - commit_granule_bytes: 65536.
 - commit_granule_words: 8192.
 - virtual_space_node_default_size: 8388608.
 - enlarge_chunks_in_place: 1.
 - use_allocation_guard: 0.


Internal statistics:

num_allocs_failed_limit: 9.
num_arena_births: 1924.
num_arena_deaths: 336.
num_vsnodes_births: 2.
num_vsnodes_deaths: 0.
num_space_committed: 1129.
num_space_uncommitted: 0.
num_chunks_returned_to_freelist: 374.
num_chunks_taken_from_freelist: 5501.
num_chunk_merges: 87.
num_chunk_splits: 3260.
num_chunks_enlarged: 1777.
num_inconsistent_stats: 0.

CodeHeap 'non-profiled nmethods': size=120000Kb used=18128Kb max_used=18128Kb free=101872Kb
 bounds [0x000002545cce0000, 0x000002545def0000, 0x0000025464210000]
CodeHeap 'profiled nmethods': size=120000Kb used=8262Kb max_used=33035Kb free=111737Kb
 bounds [0x0000025455210000, 0x0000025457260000, 0x000002545c740000]
CodeHeap 'non-nmethods': size=5760Kb used=1466Kb max_used=1547Kb free=4294Kb
 bounds [0x000002545c740000, 0x000002545c9b0000, 0x000002545cce0000]
CodeCache: size=245760Kb, used=27856Kb, max_used=52710Kb, free=217903Kb
 total_blobs=7557, nmethods=6778, adapters=684, full_count=0
Compilation: enabled, stopped_count=0, restarted_count=0

Compilation events (20 events):
Event: 3604.757 Thread 0x00000254520ca2e0 nmethod 21236 0x0000025456bc1410 code [0x0000025456bc1600, 0x0000025456bc1a58]
Event: 3604.767 Thread 0x00000254520c5170 21237   !   4       java.util.zip.ZipFile$Source::release (50 bytes)
Event: 3604.785 Thread 0x00000254520c5170 nmethod 21237 0x000002545d15a090 code [0x000002545d15a300, 0x000002545d15b780]
Event: 3604.785 Thread 0x00000254520c5170 21239   !   4       org.eclipse.jdt.internal.core.util.DeduplicationUtil::intern (149 bytes)
Event: 3604.807 Thread 0x00000254520ca2e0 21241       2       java.util.ArrayList::forEach (74 bytes)
Event: 3604.808 Thread 0x00000254520ca2e0 nmethod 21241 0x0000025456bc0c10 code [0x0000025456bc0e00, 0x0000025456bc11a8]
Event: 3604.841 Thread 0x00000254520ca2e0 21242       2       java.lang.Class::annotationData (44 bytes)
Event: 3604.841 Thread 0x00000254520ca2e0 nmethod 21242 0x0000025456bc0710 code [0x0000025456bc08e0, 0x0000025456bc0af8]
Event: 3604.847 Thread 0x00000254520ca2e0 21244       2       org.eclipse.jdt.ls.core.internal.handlers.LogHandler$1::logging (72 bytes)
Event: 3604.848 Thread 0x00000254520ca2e0 nmethod 21244 0x0000025456bbfe90 code [0x0000025456bc00a0, 0x0000025456bc0458]
Event: 3604.848 Thread 0x00000254520ca2e0 21245       2       org.eclipse.jdt.ls.core.internal.handlers.LogHandler::processLogMessage (324 bytes)
Event: 3604.854 Thread 0x00000254520ca2e0 nmethod 21245 0x0000025456bbcc10 code [0x0000025456bbd140, 0x0000025456bbea70]
Event: 3604.860 Thread 0x00000254520ca2e0 21246       3       org.eclipse.jdt.internal.core.SimpleDelta::changed (16 bytes)
Event: 3604.861 Thread 0x00000254520ca2e0 nmethod 21246 0x0000025456bbc890 code [0x0000025456bbca20, 0x0000025456bbcb38]
Event: 3604.861 Thread 0x00000254520ca2e0 21247       3       org.eclipse.jdt.internal.core.JavaElementDelta::changed (22 bytes)
Event: 3604.861 Thread 0x00000254520ca2e0 nmethod 21247 0x0000025456bbc090 code [0x0000025456bbc280, 0x0000025456bbc6d8]
Event: 3604.861 Thread 0x00000254520ca2e0 21248       3       org.eclipse.jdt.internal.core.DeltaProcessor::resetProjectCaches (126 bytes)
Event: 3604.865 Thread 0x00000254520ca2e0 nmethod 21248 0x0000025456bb9c10 code [0x0000025456bb9f80, 0x0000025456bbb8f0]
Event: 3604.910 Thread 0x00000254520c5170 nmethod 21239 0x000002545cf85f10 code [0x000002545cf86660, 0x000002545cf8b608]
Event: 3604.911 Thread 0x00000254520c5170 21243   !   4       org.eclipse.core.internal.runtime.RuntimeLog::logToListeners (79 bytes)

GC Heap History (20 events):
Event: 3604.780 GC heap before
{Heap before GC invocations=82432 (full 49):
 PSYoungGen      total 4608K, used 4607K [0x00000000d5580000, 0x00000000d5c80000, 0x0000000100000000)
  eden space 3072K, 99% used [0x00000000d5580000,0x00000000d587fff0,0x00000000d5880000)
  from space 1536K, 100% used [0x00000000d5880000,0x00000000d5a00000,0x00000000d5a00000)
  to   space 2048K, 0% used [0x00000000d5a80000,0x00000000d5a80000,0x00000000d5c80000)
 ParOldGen       total 194048K, used 193599K [0x0000000080000000, 0x000000008bd80000, 0x00000000d5580000)
  object space 194048K, 99% used [0x0000000080000000,0x000000008bd0ff08,0x000000008bd80000)
 Metaspace       used 70607K, committed 72256K, reserved 1114112K
  class space    used 7161K, committed 8000K, reserved 1048576K
}
Event: 3604.783 GC heap after
{Heap after GC invocations=82432 (full 49):
 PSYoungGen      total 4608K, used 1152K [0x00000000d5580000, 0x00000000d5c00000, 0x0000000100000000)
  eden space 3072K, 0% used [0x00000000d5580000,0x00000000d5580000,0x00000000d5880000)
  from space 1536K, 75% used [0x00000000d5a80000,0x00000000d5ba0000,0x00000000d5c00000)
  to   space 1536K, 0% used [0x00000000d5880000,0x00000000d5880000,0x00000000d5a00000)
 ParOldGen       total 195072K, used 194983K [0x0000000080000000, 0x000000008be80000, 0x00000000d5580000)
  object space 195072K, 99% used [0x0000000080000000,0x000000008be69f08,0x000000008be80000)
 Metaspace       used 70607K, committed 72256K, reserved 1114112K
  class space    used 7161K, committed 8000K, reserved 1048576K
}
Event: 3604.832 GC heap before
{Heap before GC invocations=82433 (full 49):
 PSYoungGen      total 4608K, used 4223K [0x00000000d5580000, 0x00000000d5c00000, 0x0000000100000000)
  eden space 3072K, 99% used [0x00000000d5580000,0x00000000d587fff8,0x00000000d5880000)
  from space 1536K, 75% used [0x00000000d5a80000,0x00000000d5ba0000,0x00000000d5c00000)
  to   space 1536K, 0% used [0x00000000d5880000,0x00000000d5880000,0x00000000d5a00000)
 ParOldGen       total 195072K, used 194983K [0x0000000080000000, 0x000000008be80000, 0x00000000d5580000)
  object space 195072K, 99% used [0x0000000080000000,0x000000008be69f08,0x000000008be80000)
 Metaspace       used 70607K, committed 72256K, reserved 1114112K
  class space    used 7161K, committed 8000K, reserved 1048576K
}
Event: 3604.834 GC heap after
{Heap after GC invocations=82433 (full 49):
 PSYoungGen      total 4608K, used 452K [0x00000000d5580000, 0x00000000d5b00000, 0x0000000100000000)
  eden space 3072K, 0% used [0x00000000d5580000,0x00000000d5580000,0x00000000d5880000)
  from space 1536K, 29% used [0x00000000d5880000,0x00000000d58f1330,0x00000000d5a00000)
  to   space 1024K, 0% used [0x00000000d5a00000,0x00000000d5a00000,0x00000000d5b00000)
 ParOldGen       total 196096K, used 196022K [0x0000000080000000, 0x000000008bf80000, 0x00000000d5580000)
  object space 196096K, 99% used [0x0000000080000000,0x000000008bf6d948,0x000000008bf80000)
 Metaspace       used 70607K, committed 72256K, reserved 1114112K
  class space    used 7161K, committed 8000K, reserved 1048576K
}
Event: 3604.849 GC heap before
{Heap before GC invocations=82434 (full 49):
 PSYoungGen      total 4608K, used 3391K [0x00000000d5580000, 0x00000000d5b00000, 0x0000000100000000)
  eden space 3072K, 95% used [0x00000000d5580000,0x00000000d585eaf8,0x00000000d5880000)
  from space 1536K, 29% used [0x00000000d5880000,0x00000000d58f1330,0x00000000d5a00000)
  to   space 1024K, 0% used [0x00000000d5a00000,0x00000000d5a00000,0x00000000d5b00000)
 ParOldGen       total 196096K, used 196022K [0x0000000080000000, 0x000000008bf80000, 0x00000000d5580000)
  object space 196096K, 99% used [0x0000000080000000,0x000000008bf6d948,0x000000008bf80000)
 Metaspace       used 70607K, committed 72256K, reserved 1114112K
  class space    used 7161K, committed 8000K, reserved 1048576K
}
Event: 3604.851 GC heap after
{Heap after GC invocations=82434 (full 49):
 PSYoungGen      total 3584K, used 1024K [0x00000000d5580000, 0x00000000d5c80000, 0x0000000100000000)
  eden space 2560K, 0% used [0x00000000d5580000,0x00000000d5580000,0x00000000d5800000)
  from space 1024K, 100% used [0x00000000d5a00000,0x00000000d5b00000,0x00000000d5b00000)
  to   space 2048K, 0% used [0x00000000d5800000,0x00000000d5800000,0x00000000d5a00000)
 ParOldGen       total 197120K, used 196652K [0x0000000080000000, 0x000000008c080000, 0x00000000d5580000)
  object space 197120K, 99% used [0x0000000080000000,0x000000008c00b318,0x000000008c080000)
 Metaspace       used 70607K, committed 72256K, reserved 1114112K
  class space    used 7161K, committed 8000K, reserved 1048576K
}
Event: 3604.863 GC heap before
{Heap before GC invocations=82435 (full 49):
 PSYoungGen      total 3584K, used 3583K [0x00000000d5580000, 0x00000000d5c80000, 0x0000000100000000)
  eden space 2560K, 99% used [0x00000000d5580000,0x00000000d57fff68,0x00000000d5800000)
  from space 1024K, 100% used [0x00000000d5a00000,0x00000000d5b00000,0x00000000d5b00000)
  to   space 2048K, 0% used [0x00000000d5800000,0x00000000d5800000,0x00000000d5a00000)
 ParOldGen       total 197120K, used 196652K [0x0000000080000000, 0x000000008c080000, 0x00000000d5580000)
  object space 197120K, 99% used [0x0000000080000000,0x000000008c00b318,0x000000008c080000)
 Metaspace       used 70608K, committed 72256K, reserved 1114112K
  class space    used 7161K, committed 8000K, reserved 1048576K
}
Event: 3604.864 GC heap after
{Heap after GC invocations=82435 (full 49):
 PSYoungGen      total 4096K, used 1467K [0x00000000d5580000, 0x00000000d5b00000, 0x0000000100000000)
  eden space 2560K, 0% used [0x00000000d5580000,0x00000000d5580000,0x00000000d5800000)
  from space 1536K, 95% used [0x00000000d5800000,0x00000000d596eee8,0x00000000d5980000)
  to   space 1536K, 0% used [0x00000000d5980000,0x00000000d5980000,0x00000000d5b00000)
 ParOldGen       total 197632K, used 197628K [0x0000000080000000, 0x000000008c100000, 0x00000000d5580000)
  object space 197632K, 99% used [0x0000000080000000,0x000000008c0ff318,0x000000008c100000)
 Metaspace       used 70608K, committed 72256K, reserved 1114112K
  class space    used 7161K, committed 8000K, reserved 1048576K
}
Event: 3604.888 GC heap before
{Heap before GC invocations=82436 (full 49):
 PSYoungGen      total 4096K, used 4027K [0x00000000d5580000, 0x00000000d5b00000, 0x0000000100000000)
  eden space 2560K, 100% used [0x00000000d5580000,0x00000000d5800000,0x00000000d5800000)
  from space 1536K, 95% used [0x00000000d5800000,0x00000000d596eee8,0x00000000d5980000)
  to   space 1536K, 0% used [0x00000000d5980000,0x00000000d5980000,0x00000000d5b00000)
 ParOldGen       total 197632K, used 197628K [0x0000000080000000, 0x000000008c100000, 0x00000000d5580000)
  object space 197632K, 99% used [0x0000000080000000,0x000000008c0ff318,0x000000008c100000)
 Metaspace       used 70608K, committed 72256K, reserved 1114112K
  class space    used 7161K, committed 8000K, reserved 1048576K
}
Event: 3604.890 GC heap after
{Heap after GC invocations=82436 (full 49):
 PSYoungGen      total 3072K, used 64K [0x00000000d5580000, 0x00000000d5a00000, 0x0000000100000000)
  eden space 2560K, 0% used [0x00000000d5580000,0x00000000d5580000,0x00000000d5800000)
  from space 512K, 12% used [0x00000000d5980000,0x00000000d5990000,0x00000000d5a00000)
  to   space 1024K, 0% used [0x00000000d5800000,0x00000000d5800000,0x00000000d5900000)
 ParOldGen       total 199168K, used 198872K [0x0000000080000000, 0x000000008c280000, 0x00000000d5580000)
  object space 199168K, 99% used [0x0000000080000000,0x000000008c236200,0x000000008c280000)
 Metaspace       used 70608K, committed 72256K, reserved 1114112K
  class space    used 7161K, committed 8000K, reserved 1048576K
}
Event: 3604.918 GC heap before
{Heap before GC invocations=82437 (full 49):
 PSYoungGen      total 3072K, used 2624K [0x00000000d5580000, 0x00000000d5a00000, 0x0000000100000000)
  eden space 2560K, 100% used [0x00000000d5580000,0x00000000d5800000,0x00000000d5800000)
  from space 512K, 12% used [0x00000000d5980000,0x00000000d5990000,0x00000000d5a00000)
  to   space 1024K, 0% used [0x00000000d5800000,0x00000000d5800000,0x00000000d5900000)
 ParOldGen       total 199168K, used 198872K [0x0000000080000000, 0x000000008c280000, 0x00000000d5580000)
  object space 199168K, 99% used [0x0000000080000000,0x000000008c236200,0x000000008c280000)
 Metaspace       used 70608K, committed 72256K, reserved 1114112K
  class space    used 7161K, committed 8000K, reserved 1048576K
}
Event: 3604.919 GC heap after
{Heap after GC invocations=82437 (full 49):
 PSYoungGen      total 3584K, used 192K [0x00000000d5580000, 0x00000000d5a00000, 0x0000000100000000)
  eden space 2560K, 0% used [0x00000000d5580000,0x00000000d5580000,0x00000000d5800000)
  from space 1024K, 18% used [0x00000000d5800000,0x00000000d5830000,0x00000000d5900000)
  to   space 512K, 0% used [0x00000000d5980000,0x00000000d5980000,0x00000000d5a00000)
 ParOldGen       total 199168K, used 198872K [0x0000000080000000, 0x000000008c280000, 0x00000000d5580000)
  object space 199168K, 99% used [0x0000000080000000,0x000000008c236200,0x000000008c280000)
 Metaspace       used 70608K, committed 72256K, reserved 1114112K
  class space    used 7161K, committed 8000K, reserved 1048576K
}
Event: 3604.940 GC heap before
{Heap before GC invocations=82438 (full 49):
 PSYoungGen      total 3584K, used 2752K [0x00000000d5580000, 0x00000000d5a00000, 0x0000000100000000)
  eden space 2560K, 100% used [0x00000000d5580000,0x00000000d5800000,0x00000000d5800000)
  from space 1024K, 18% used [0x00000000d5800000,0x00000000d5830000,0x00000000d5900000)
  to   space 512K, 0% used [0x00000000d5980000,0x00000000d5980000,0x00000000d5a00000)
 ParOldGen       total 199168K, used 198872K [0x0000000080000000, 0x000000008c280000, 0x00000000d5580000)
  object space 199168K, 99% used [0x0000000080000000,0x000000008c236200,0x000000008c280000)
 Metaspace       used 70608K, committed 72256K, reserved 1114112K
  class space    used 7161K, committed 8000K, reserved 1048576K
}
Event: 3604.941 GC heap after
{Heap after GC invocations=82438 (full 49):
 PSYoungGen      total 3072K, used 160K [0x00000000d5580000, 0x00000000d5a00000, 0x0000000100000000)
  eden space 2560K, 0% used [0x00000000d5580000,0x00000000d5580000,0x00000000d5800000)
  from space 512K, 31% used [0x00000000d5980000,0x00000000d59a8000,0x00000000d5a00000)
  to   space 512K, 0% used [0x00000000d5900000,0x00000000d5900000,0x00000000d5980000)
 ParOldGen       total 199168K, used 198872K [0x0000000080000000, 0x000000008c280000, 0x00000000d5580000)
  object space 199168K, 99% used [0x0000000080000000,0x000000008c236200,0x000000008c280000)
 Metaspace       used 70608K, committed 72256K, reserved 1114112K
  class space    used 7161K, committed 8000K, reserved 1048576K
}
Event: 3604.962 GC heap before
{Heap before GC invocations=82439 (full 49):
 PSYoungGen      total 3072K, used 2720K [0x00000000d5580000, 0x00000000d5a00000, 0x0000000100000000)
  eden space 2560K, 100% used [0x00000000d5580000,0x00000000d5800000,0x00000000d5800000)
  from space 512K, 31% used [0x00000000d5980000,0x00000000d59a8000,0x00000000d5a00000)
  to   space 512K, 0% used [0x00000000d5900000,0x00000000d5900000,0x00000000d5980000)
 ParOldGen       total 199168K, used 198872K [0x0000000080000000, 0x000000008c280000, 0x00000000d5580000)
  object space 199168K, 99% used [0x0000000080000000,0x000000008c236200,0x000000008c280000)
 Metaspace       used 70608K, committed 72256K, reserved 1114112K
  class space    used 7161K, committed 8000K, reserved 1048576K
}
Event: 3604.963 GC heap after
{Heap after GC invocations=82439 (full 49):
 PSYoungGen      total 3072K, used 64K [0x00000000d5580000, 0x00000000d5a00000, 0x0000000100000000)
  eden space 2560K, 0% used [0x00000000d5580000,0x00000000d5580000,0x00000000d5800000)
  from space 512K, 12% used [0x00000000d5900000,0x00000000d5910000,0x00000000d5980000)
  to   space 512K, 0% used [0x00000000d5980000,0x00000000d5980000,0x00000000d5a00000)
 ParOldGen       total 199168K, used 198872K [0x0000000080000000, 0x000000008c280000, 0x00000000d5580000)
  object space 199168K, 99% used [0x0000000080000000,0x000000008c236200,0x000000008c280000)
 Metaspace       used 70608K, committed 72256K, reserved 1114112K
  class space    used 7161K, committed 8000K, reserved 1048576K
}
Event: 3604.985 GC heap before
{Heap before GC invocations=82440 (full 49):
 PSYoungGen      total 3072K, used 2624K [0x00000000d5580000, 0x00000000d5a00000, 0x0000000100000000)
  eden space 2560K, 100% used [0x00000000d5580000,0x00000000d5800000,0x00000000d5800000)
  from space 512K, 12% used [0x00000000d5900000,0x00000000d5910000,0x00000000d5980000)
  to   space 512K, 0% used [0x00000000d5980000,0x00000000d5980000,0x00000000d5a00000)
 ParOldGen       total 199168K, used 198872K [0x0000000080000000, 0x000000008c280000, 0x00000000d5580000)
  object space 199168K, 99% used [0x0000000080000000,0x000000008c236200,0x000000008c280000)
 Metaspace       used 70608K, committed 72256K, reserved 1114112K
  class space    used 7161K, committed 8000K, reserved 1048576K
}
Event: 3604.986 GC heap after
{Heap after GC invocations=82440 (full 49):
 PSYoungGen      total 3072K, used 224K [0x00000000d5580000, 0x00000000d5a00000, 0x0000000100000000)
  eden space 2560K, 0% used [0x00000000d5580000,0x00000000d5580000,0x00000000d5800000)
  from space 512K, 43% used [0x00000000d5980000,0x00000000d59b8000,0x00000000d5a00000)
  to   space 512K, 0% used [0x00000000d5900000,0x00000000d5900000,0x00000000d5980000)
 ParOldGen       total 199168K, used 198872K [0x0000000080000000, 0x000000008c280000, 0x00000000d5580000)
  object space 199168K, 99% used [0x0000000080000000,0x000000008c236200,0x000000008c280000)
 Metaspace       used 70608K, committed 72256K, reserved 1114112K
  class space    used 7161K, committed 8000K, reserved 1048576K
}
Event: 3605.007 GC heap before
{Heap before GC invocations=82441 (full 49):
 PSYoungGen      total 3072K, used 2784K [0x00000000d5580000, 0x00000000d5a00000, 0x0000000100000000)
  eden space 2560K, 100% used [0x00000000d5580000,0x00000000d5800000,0x00000000d5800000)
  from space 512K, 43% used [0x00000000d5980000,0x00000000d59b8000,0x00000000d5a00000)
  to   space 512K, 0% used [0x00000000d5900000,0x00000000d5900000,0x00000000d5980000)
 ParOldGen       total 199168K, used 198872K [0x0000000080000000, 0x000000008c280000, 0x00000000d5580000)
  object space 199168K, 99% used [0x0000000080000000,0x000000008c236200,0x000000008c280000)
 Metaspace       used 70608K, committed 72256K, reserved 1114112K
  class space    used 7161K, committed 8000K, reserved 1048576K
}
Event: 3605.008 GC heap after
{Heap after GC invocations=82441 (full 49):
 PSYoungGen      total 3072K, used 160K [0x00000000d5580000, 0x00000000d5a00000, 0x0000000100000000)
  eden space 2560K, 0% used [0x00000000d5580000,0x00000000d5580000,0x00000000d5800000)
  from space 512K, 31% used [0x00000000d5900000,0x00000000d5928000,0x00000000d5980000)
  to   space 512K, 0% used [0x00000000d5980000,0x00000000d5980000,0x00000000d5a00000)
 ParOldGen       total 199168K, used 198872K [0x0000000080000000, 0x000000008c280000, 0x00000000d5580000)
  object space 199168K, 99% used [0x0000000080000000,0x000000008c236200,0x000000008c280000)
 Metaspace       used 70608K, committed 72256K, reserved 1114112K
  class space    used 7161K, committed 8000K, reserved 1048576K
}

Dll operation events (20 events):
Event: 0.166 Attempting to load shared library C:\Users\HP\.vscode\extensions\redhat.java-1.56.0-win32-x64\jre\21.0.12.1-win32-x86_64\bin\nio.dll
Event: 0.167 Loaded shared library C:\Users\HP\.vscode\extensions\redhat.java-1.56.0-win32-x64\jre\21.0.12.1-win32-x86_64\bin\nio.dll
Event: 0.172 Attempting to load shared library C:\Users\HP\.vscode\extensions\redhat.java-1.56.0-win32-x64\jre\21.0.12.1-win32-x86_64\bin\zip.dll
Event: 0.172 Loaded shared library C:\Users\HP\.vscode\extensions\redhat.java-1.56.0-win32-x64\jre\21.0.12.1-win32-x86_64\bin\zip.dll
Event: 0.193 Attempting to load shared library C:\Users\HP\.vscode\extensions\redhat.java-1.56.0-win32-x64\jre\21.0.12.1-win32-x86_64\bin\jimage.dll
Event: 0.193 Loaded shared library C:\Users\HP\.vscode\extensions\redhat.java-1.56.0-win32-x64\jre\21.0.12.1-win32-x86_64\bin\jimage.dll
Event: 0.267 Attempting to load shared library c:\Users\HP\.vscode\extensions\redhat.java-1.56.0-win32-x64\jre\21.0.12.1-win32-x86_64\bin\verify.dll
Event: 0.268 Loaded shared library c:\Users\HP\.vscode\extensions\redhat.java-1.56.0-win32-x64\jre\21.0.12.1-win32-x86_64\bin\verify.dll
Event: 1.463 Attempting to load shared library C:\Users\HP\AppData\Roaming\Code\User\globalStorage\redhat.java\1.56.0\config_win\org.eclipse.equinox.launcher\org.eclipse.equinox.launcher.win32.win32.x86_64_1.3.100.v20260804-1928\eclipse_11924.dll
Event: 1.465 Loaded shared library C:\Users\HP\AppData\Roaming\Code\User\globalStorage\redhat.java\1.56.0\config_win\org.eclipse.equinox.launcher\org.eclipse.equinox.launcher.win32.win32.x86_64_1.3.100.v20260804-1928\eclipse_11924.dll
Event: 6.137 Attempting to load shared library C:\Users\HP\.vscode\extensions\redhat.java-1.56.0-win32-x64\jre\21.0.12.1-win32-x86_64\bin\management.dll
Event: 6.138 Loaded shared library C:\Users\HP\.vscode\extensions\redhat.java-1.56.0-win32-x64\jre\21.0.12.1-win32-x86_64\bin\management.dll
Event: 6.143 Attempting to load shared library C:\Users\HP\.vscode\extensions\redhat.java-1.56.0-win32-x64\jre\21.0.12.1-win32-x86_64\bin\management_ext.dll
Event: 6.144 Loaded shared library C:\Users\HP\.vscode\extensions\redhat.java-1.56.0-win32-x64\jre\21.0.12.1-win32-x86_64\bin\management_ext.dll
Event: 12.325 Attempting to load shared library C:\Users\HP\AppData\Local\Temp\jna-2312\jna18120124197875617538.dll
Event: 12.608 Loaded shared library C:\Users\HP\AppData\Local\Temp\jna-2312\jna18120124197875617538.dll
Event: 15.686 Attempting to load shared library C:\Users\HP\.vscode\extensions\redhat.java-1.56.0-win32-x64\jre\21.0.12.1-win32-x86_64\bin\sunmscapi.dll
Event: 15.698 Loaded shared library C:\Users\HP\.vscode\extensions\redhat.java-1.56.0-win32-x64\jre\21.0.12.1-win32-x86_64\bin\sunmscapi.dll
Event: 16.075 Attempting to load shared library C:\Users\HP\.vscode\extensions\redhat.java-1.56.0-win32-x64\jre\21.0.12.1-win32-x86_64\bin\extnet.dll
Event: 16.176 Loaded shared library C:\Users\HP\.vscode\extensions\redhat.java-1.56.0-win32-x64\jre\21.0.12.1-win32-x86_64\bin\extnet.dll

Deoptimization events (20 events):
Event: 3500.416 Thread 0x0000025472e00e90 Uncommon trap: trap_request=0xffffffbe fr.pc=0x000002545de2f790 relative=0x00000000000033b0
Event: 3500.416 Thread 0x0000025472e00e90 Uncommon trap: reason=profile_predicate action=maybe_recompile pc=0x000002545de2f790 method=org.eclipse.jdt.internal.core.util.DeduplicationUtil.intern(Ljava/util/List;)Ljava/util/List; @ 127 c2
Event: 3500.416 Thread 0x0000025472e00e90 DEOPT PACKING pc=0x000002545de2f790 sp=0x000000f34eefe6e0
Event: 3500.416 Thread 0x0000025472e00e90 DEOPT UNPACKING pc=0x000002545c793aa2 sp=0x000000f34eefe6c8 mode 2
Event: 3500.416 Thread 0x0000025472e00e90 Uncommon trap: trap_request=0xffffffbe fr.pc=0x000002545de2f790 relative=0x00000000000033b0
Event: 3500.416 Thread 0x0000025472e00e90 Uncommon trap: reason=profile_predicate action=maybe_recompile pc=0x000002545de2f790 method=org.eclipse.jdt.internal.core.util.DeduplicationUtil.intern(Ljava/util/List;)Ljava/util/List; @ 127 c2
Event: 3500.416 Thread 0x0000025472e00e90 DEOPT PACKING pc=0x000002545de2f790 sp=0x000000f34eefe6e0
Event: 3500.416 Thread 0x0000025472e00e90 DEOPT UNPACKING pc=0x000002545c793aa2 sp=0x000000f34eefe6c8 mode 2
Event: 3500.416 Thread 0x0000025472e00e90 Uncommon trap: trap_request=0xffffffbe fr.pc=0x000002545de2f790 relative=0x00000000000033b0
Event: 3500.416 Thread 0x0000025472e00e90 Uncommon trap: reason=profile_predicate action=maybe_recompile pc=0x000002545de2f790 method=org.eclipse.jdt.internal.core.util.DeduplicationUtil.intern(Ljava/util/List;)Ljava/util/List; @ 127 c2
Event: 3500.416 Thread 0x0000025472e00e90 DEOPT PACKING pc=0x000002545de2f790 sp=0x000000f34eefe6e0
Event: 3500.416 Thread 0x0000025472e00e90 DEOPT UNPACKING pc=0x000002545c793aa2 sp=0x000000f34eefe6c8 mode 2
Event: 3500.489 Thread 0x000002546f6c8470 DEOPT PACKING pc=0x00000254555bf86b sp=0x000000f347cfe350
Event: 3500.489 Thread 0x000002546f6c8470 DEOPT UNPACKING pc=0x000002545c794242 sp=0x000000f347cfd838 mode 0
Event: 3604.761 Thread 0x0000025471498ab0 DEOPT PACKING pc=0x00000254561824b3 sp=0x000000f351cfe750
Event: 3604.761 Thread 0x0000025471498ab0 DEOPT UNPACKING pc=0x000002545c794242 sp=0x000000f351cfde70 mode 0
Event: 3604.776 Thread 0x0000025472e02f60 Uncommon trap: trap_request=0xffffffde fr.pc=0x000002545dec33ac relative=0x000000000000812c
Event: 3604.776 Thread 0x0000025472e02f60 Uncommon trap: reason=class_check action=maybe_recompile pc=0x000002545dec33ac method=org.eclipse.jdt.internal.core.JavaProjectElementInfo.newNameLookup(Lorg/eclipse/jdt/internal/core/JavaProject;[Lorg/eclipse/jdt/core/ICompilationUnit;Z)Lorg/eclipse/jdt/
Event: 3604.776 Thread 0x0000025472e02f60 DEOPT PACKING pc=0x000002545dec33ac sp=0x000000f34deff1a0
Event: 3604.776 Thread 0x0000025472e02f60 DEOPT UNPACKING pc=0x000002545c793aa2 sp=0x000000f34deff180 mode 2

Classes loaded (20 events):
Event: 31.538 Loading class java/util/concurrent/ConcurrentHashMap$KeySpliterator
Event: 31.539 Loading class java/util/concurrent/ConcurrentHashMap$KeySpliterator done
Event: 31.558 Loading class java/util/ArrayDeque$DeqSpliterator
Event: 31.558 Loading class java/util/ArrayDeque$DeqSpliterator done
Event: 42.299 Loading class java/lang/StackStreamFactory$CallerClassFinder
Event: 42.299 Loading class java/lang/StackStreamFactory$CallerClassFinder done
Event: 42.299 Loading class java/lang/StackStreamFactory$CallerClassFinder$ClassBuffer
Event: 42.302 Loading class java/lang/StackStreamFactory$CallerClassFinder$ClassBuffer done
Event: 148.439 Loading class com/sun/org/apache/xerces/internal/xni/grammars/XMLGrammarPool
Event: 148.439 Loading class com/sun/org/apache/xerces/internal/xni/grammars/XMLGrammarPool done
Event: 223.502 Loading class com/sun/org/apache/xerces/internal/impl/validation/EntityState
Event: 223.502 Loading class com/sun/org/apache/xerces/internal/impl/validation/EntityState done
Event: 363.447 Loading class java/util/concurrent/CompletableFuture$UniExceptionally
Event: 363.447 Loading class java/util/concurrent/CompletableFuture$UniExceptionally done
Event: 2236.251 Loading class java/util/stream/DistinctOps
Event: 2236.251 Loading class java/util/stream/DistinctOps done
Event: 2236.251 Loading class java/util/stream/DistinctOps$1
Event: 2236.252 Loading class java/util/stream/DistinctOps$1 done
Event: 2236.253 Loading class java/util/stream/DistinctOps$1$2
Event: 2236.254 Loading class java/util/stream/DistinctOps$1$2 done

Classes unloaded (20 events):
Event: 1896.130 Thread 0x00000254520aeb70 Unloading class 0x0000025401005c00 'java/lang/invoke/LambdaForm$BMH+0x0000025401005c00'
Event: 1896.130 Thread 0x00000254520aeb70 Unloading class 0x0000025401004800 'java/lang/invoke/LambdaForm$DMH+0x0000025401004800'
Event: 1896.130 Thread 0x00000254520aeb70 Unloading class 0x0000025401002400 'java/lang/invoke/LambdaForm$MH+0x0000025401002400'
Event: 1896.130 Thread 0x00000254520aeb70 Unloading class 0x0000025401002000 'java/lang/invoke/LambdaForm$MH+0x0000025401002000'
Event: 1896.130 Thread 0x00000254520aeb70 Unloading class 0x0000025401001800 'java/lang/invoke/LambdaForm$MH+0x0000025401001800'
Event: 1896.130 Thread 0x00000254520aeb70 Unloading class 0x0000025401000400 'java/lang/invoke/LambdaForm$MH+0x0000025401000400'
Event: 2058.512 Thread 0x00000254520aeb70 Unloading class 0x0000025401201c00 'java/lang/invoke/LambdaForm$MH+0x0000025401201c00'
Event: 2058.512 Thread 0x00000254520aeb70 Unloading class 0x0000025401201800 'java/lang/invoke/LambdaForm$MH+0x0000025401201800'
Event: 2058.512 Thread 0x00000254520aeb70 Unloading class 0x0000025401201400 'java/lang/invoke/LambdaForm$MH+0x0000025401201400'
Event: 2058.512 Thread 0x00000254520aeb70 Unloading class 0x000002540116f800 'java/lang/invoke/LambdaForm$MH+0x000002540116f800'
Event: 2058.512 Thread 0x00000254520aeb70 Unloading class 0x0000025401082400 'java/lang/invoke/LambdaForm$MH+0x0000025401082400'
Event: 2058.512 Thread 0x00000254520aeb70 Unloading class 0x0000025401081c00 'java/lang/invoke/LambdaForm$MH+0x0000025401081c00'
Event: 2058.512 Thread 0x00000254520aeb70 Unloading class 0x0000025401081800 'java/lang/invoke/LambdaForm$MH+0x0000025401081800'
Event: 2058.512 Thread 0x00000254520aeb70 Unloading class 0x0000025401081400 'java/lang/invoke/LambdaForm$MH+0x0000025401081400'
Event: 2058.512 Thread 0x00000254520aeb70 Unloading class 0x0000025401081000 'java/lang/invoke/LambdaForm$MH+0x0000025401081000'
Event: 2058.512 Thread 0x00000254520aeb70 Unloading class 0x0000025401080800 'java/lang/invoke/LambdaForm$MH+0x0000025401080800'
Event: 2058.512 Thread 0x00000254520aeb70 Unloading class 0x0000025401080400 'java/lang/invoke/LambdaForm$MH+0x0000025401080400'
Event: 2058.512 Thread 0x00000254520aeb70 Unloading class 0x0000025401080000 'java/lang/invoke/LambdaForm$MH+0x0000025401080000'
Event: 2058.512 Thread 0x00000254520aeb70 Unloading class 0x000002540101dc00 'java/lang/invoke/LambdaForm$MH+0x000002540101dc00'
Event: 2058.512 Thread 0x00000254520aeb70 Unloading class 0x000002540101d400 'java/lang/invoke/LambdaForm$MH+0x000002540101d400'

Classes redefined (0 events):
No events

Internal exceptions (20 events):
Event: 3604.829 Thread 0x0000025473071180 Exception <a 'sun/nio/fs/WindowsException'{0x00000000d57f3638}> (0x00000000d57f3638) 
thrown [s\src\hotspot\share\prims\jni.cpp, line 520]
Event: 3604.829 Thread 0x0000025473071180 Exception <a 'sun/nio/fs/WindowsException'{0x00000000d57f3b38}> (0x00000000d57f3b38) 
thrown [s\src\hotspot\share\prims\jni.cpp, line 520]
Event: 3604.829 Thread 0x0000025473071180 Exception <a 'sun/nio/fs/WindowsException'{0x00000000d57fa0d0}> (0x00000000d57fa0d0) 
thrown [s\src\hotspot\share\prims\jni.cpp, line 520]
Event: 3604.829 Thread 0x0000025473071180 Exception <a 'sun/nio/fs/WindowsException'{0x00000000d57fa5a8}> (0x00000000d57fa5a8) 
thrown [s\src\hotspot\share\prims\jni.cpp, line 520]
Event: 3604.829 Thread 0x0000025473071180 Exception <a 'sun/nio/fs/WindowsException'{0x00000000d57facc8}> (0x00000000d57facc8) 
thrown [s\src\hotspot\share\prims\jni.cpp, line 520]
Event: 3604.829 Thread 0x0000025473071180 Exception <a 'sun/nio/fs/WindowsException'{0x00000000d57fb1b8}> (0x00000000d57fb1b8) 
thrown [s\src\hotspot\share\prims\jni.cpp, line 520]
Event: 3604.830 Thread 0x0000025473071180 Exception <a 'sun/nio/fs/WindowsException'{0x00000000d5800b20}> (0x00000000d5800b20) 
thrown [s\src\hotspot\share\prims\jni.cpp, line 520]
Event: 3604.830 Thread 0x0000025473071180 Exception <a 'sun/nio/fs/WindowsException'{0x00000000d5801288}> (0x00000000d5801288) 
thrown [s\src\hotspot\share\prims\jni.cpp, line 520]
Event: 3604.830 Thread 0x0000025473071180 Exception <a 'sun/nio/fs/WindowsException'{0x00000000d5801768}> (0x00000000d5801768) 
thrown [s\src\hotspot\share\prims\jni.cpp, line 520]
Event: 3604.830 Thread 0x0000025473071180 Exception <a 'sun/nio/fs/WindowsException'{0x00000000d5801c68}> (0x00000000d5801c68) 
thrown [s\src\hotspot\share\prims\jni.cpp, line 520]
Event: 3604.830 Thread 0x0000025473071180 Exception <a 'sun/nio/fs/WindowsException'{0x00000000d5807b10}> (0x00000000d5807b10) 
thrown [s\src\hotspot\share\prims\jni.cpp, line 520]
Event: 3604.830 Thread 0x0000025473071180 Exception <a 'sun/nio/fs/WindowsException'{0x00000000d5807ff0}> (0x00000000d5807ff0) 
thrown [s\src\hotspot\share\prims\jni.cpp, line 520]
Event: 3604.830 Thread 0x0000025473071180 Exception <a 'sun/nio/fs/WindowsException'{0x00000000d5808740}> (0x00000000d5808740) 
thrown [s\src\hotspot\share\prims\jni.cpp, line 520]
Event: 3604.830 Thread 0x0000025473071180 Exception <a 'sun/nio/fs/WindowsException'{0x00000000d5808c40}> (0x00000000d5808c40) 
thrown [s\src\hotspot\share\prims\jni.cpp, line 520]
Event: 3604.830 Thread 0x0000025473071180 Exception <a 'sun/nio/fs/WindowsException'{0x00000000d580ed78}> (0x00000000d580ed78) 
thrown [s\src\hotspot\share\prims\jni.cpp, line 520]
Event: 3604.830 Thread 0x0000025473071180 Exception <a 'sun/nio/fs/WindowsException'{0x00000000d5814208}> (0x00000000d5814208) 
thrown [s\src\hotspot\share\prims\jni.cpp, line 520]
Event: 3604.830 Thread 0x0000025473071180 Exception <a 'sun/nio/fs/WindowsException'{0x00000000d5819c00}> (0x00000000d5819c00) 
thrown [s\src\hotspot\share\prims\jni.cpp, line 520]
Event: 3604.830 Thread 0x0000025473071180 Exception <a 'sun/nio/fs/WindowsException'{0x00000000d581d140}> (0x00000000d581d140) 
thrown [s\src\hotspot\share\prims\jni.cpp, line 520]
Event: 3604.831 Thread 0x0000025473071180 Exception <a 'sun/nio/fs/WindowsException'{0x00000000d58201a8}> (0x00000000d58201a8) 
thrown [s\src\hotspot\share\prims\jni.cpp, line 520]
Event: 3604.831 Thread 0x0000025473071180 Exception <a 'sun/nio/fs/WindowsException'{0x00000000d58234e8}> (0x00000000d58234e8) 
thrown [s\src\hotspot\share\prims\jni.cpp, line 520]

ZGC Phase Switch (0 events):
No events

VM Operations (20 events):
Event: 3604.780 Executing safepoint VM operation: ParallelGCFailedAllocation (Allocation Failure)
Event: 3604.783 Executing safepoint VM operation: ParallelGCFailedAllocation (Allocation Failure) done
Event: 3604.832 Executing safepoint VM operation: ParallelGCFailedAllocation (Allocation Failure)
Event: 3604.834 Executing safepoint VM operation: ParallelGCFailedAllocation (Allocation Failure) done
Event: 3604.849 Executing safepoint VM operation: ParallelGCFailedAllocation (Allocation Failure)
Event: 3604.851 Executing safepoint VM operation: ParallelGCFailedAllocation (Allocation Failure) done
Event: 3604.863 Executing safepoint VM operation: ParallelGCFailedAllocation (Allocation Failure)
Event: 3604.865 Executing safepoint VM operation: ParallelGCFailedAllocation (Allocation Failure) done
Event: 3604.888 Executing safepoint VM operation: ParallelGCFailedAllocation (Allocation Failure)
Event: 3604.890 Executing safepoint VM operation: ParallelGCFailedAllocation (Allocation Failure) done
Event: 3604.918 Executing safepoint VM operation: ParallelGCFailedAllocation (Allocation Failure)
Event: 3604.919 Executing safepoint VM operation: ParallelGCFailedAllocation (Allocation Failure) done
Event: 3604.940 Executing safepoint VM operation: ParallelGCFailedAllocation (Allocation Failure)
Event: 3604.941 Executing safepoint VM operation: ParallelGCFailedAllocation (Allocation Failure) done
Event: 3604.962 Executing safepoint VM operation: ParallelGCFailedAllocation (Allocation Failure)
Event: 3604.963 Executing safepoint VM operation: ParallelGCFailedAllocation (Allocation Failure) done
Event: 3604.985 Executing safepoint VM operation: ParallelGCFailedAllocation (Allocation Failure)
Event: 3604.986 Executing safepoint VM operation: ParallelGCFailedAllocation (Allocation Failure) done
Event: 3605.007 Executing safepoint VM operation: ParallelGCFailedAllocation (Allocation Failure)
Event: 3605.008 Executing safepoint VM operation: ParallelGCFailedAllocation (Allocation Failure) done

Memory protections (0 events):
No events

Nmethod flushes (20 events):
Event: 1791.453 Thread 0x00000254520aeb70 flushing  nmethod 0x0000025456b04610
Event: 1846.892 Thread 0x00000254520aeb70 flushing  nmethod 0x0000025456a0b290
Event: 1896.168 Thread 0x00000254520aeb70 flushing  nmethod 0x000002545d73bd10
Event: 1896.168 Thread 0x00000254520aeb70 flushing osr nmethod 0x0000025455301b90
Event: 1896.168 Thread 0x00000254520aeb70 flushing osr nmethod 0x00000254556ae890
Event: 1896.168 Thread 0x00000254520aeb70 flushing  nmethod 0x000002545595c390
Event: 1896.168 Thread 0x00000254520aeb70 flushing  nmethod 0x000002545595df10
Event: 1896.168 Thread 0x00000254520aeb70 flushing osr nmethod 0x0000025455ac3090
Event: 1896.168 Thread 0x00000254520aeb70 flushing  nmethod 0x0000025455e8b310
Event: 1896.168 Thread 0x00000254520aeb70 flushing  nmethod 0x0000025456b03910
Event: 1945.231 Thread 0x00000254520aeb70 flushing  nmethod 0x000002545521f690
Event: 1945.231 Thread 0x00000254520aeb70 flushing  nmethod 0x0000025455ae6d10
Event: 2001.429 Thread 0x00000254520aeb70 flushing  nmethod 0x000002545cda0110
Event: 2001.429 Thread 0x00000254520aeb70 flushing  nmethod 0x000002545d17d610
Event: 2001.429 Thread 0x00000254520aeb70 flushing  nmethod 0x000002545d631690
Event: 2001.429 Thread 0x00000254520aeb70 flushing  nmethod 0x000002545ddeda10
Event: 2117.064 Thread 0x00000254520aeb70 flushing  nmethod 0x000002545dcba110
Event: 2117.064 Thread 0x00000254520aeb70 flushing  nmethod 0x0000025455343610
Event: 2117.064 Thread 0x00000254520aeb70 flushing  nmethod 0x0000025456970810
Event: 2172.948 Thread 0x00000254520aeb70 flushing  nmethod 0x0000025456ced310

Events (20 events):
Event: 3435.838 Thread 0x000002547063b590 Thread added: 0x000002546f6cabd0
Event: 3435.987 Thread 0x000002547063b590 Thread added: 0x000002546f6ca540
Event: 3440.999 Thread 0x0000025470a83940 Thread exited: 0x0000025470a83940
Event: 3495.990 Thread 0x000002546f6cabd0 Thread exited: 0x000002546f6cabd0
Event: 3500.395 Thread 0x000002546f6cf400 Thread exited: 0x000002546f6cf400
Event: 3500.446 Thread 0x000002546f6c8470 Thread added: 0x000002546f6c8b00
Event: 3500.472 Thread 0x000002546f6c8b00 Thread exited: 0x000002546f6c8b00
Event: 3526.228 Thread 0x0000025473071180 Thread added: 0x000002546f6c7de0
Event: 3526.229 Thread 0x000002546f6c7de0 Thread exited: 0x000002546f6c7de0
Event: 3526.231 Thread 0x0000025473071180 Thread added: 0x000002546f6c7de0
Event: 3526.234 Thread 0x000002546f6c7de0 Thread added: 0x000002546f6cb8f0
Event: 3526.235 Thread 0x000002546f6c7de0 Thread added: 0x000002546f6c8b00
Event: 3526.237 Thread 0x000002546f6c8b00 Thread exited: 0x000002546f6c8b00
Event: 3526.237 Thread 0x000002546f6cb8f0 Thread exited: 0x000002546f6cb8f0
Event: 3526.237 Thread 0x000002546f6c7de0 Thread exited: 0x000002546f6c7de0
Event: 3586.279 Thread 0x0000025472e00e90 Thread exited: 0x0000025472e00e90
Event: 3586.388 Thread 0x000002546f6c8470 Thread exited: 0x000002546f6c8470
Event: 3604.755 Thread 0x0000025473071180 Thread added: 0x000002546f6c7de0
Event: 3604.826 Thread 0x0000025473071180 Thread added: 0x000002546f6c9190
Event: 3604.846 Thread 0x000002546f6c9190 Thread exited: 0x000002546f6c9190


Dynamic libraries:
0x00007ff692d70000 - 0x00007ff692d7e000 	c:\Users\HP\.vscode\extensions\redhat.java-1.56.0-win32-x64\jre\21.0.12.1-win32-x86_64\bin\java.exe
0x00007ffd7c280000 - 0x00007ffd7c4e6000 	C:\windows\SYSTEM32\ntdll.dll
0x00007ffd7aec0000 - 0x00007ffd7af89000 	C:\windows\System32\KERNEL32.DLL
0x00007ffd79650000 - 0x00007ffd79a4f000 	C:\windows\System32\KERNELBASE.dll
0x00007ffd79a60000 - 0x00007ffd79bac000 	C:\windows\System32\ucrtbase.dll
0x00007ffd69de0000 - 0x00007ffd69dfe000 	c:\Users\HP\.vscode\extensions\redhat.java-1.56.0-win32-x64\jre\21.0.12.1-win32-x86_64\bin\VCRUNTIME140.dll
0x00007ffd4ed40000 - 0x00007ffd4ed58000 	c:\Users\HP\.vscode\extensions\redhat.java-1.56.0-win32-x64\jre\21.0.12.1-win32-x86_64\bin\jli.dll
0x00007ffd7b380000 - 0x00007ffd7b546000 	C:\windows\System32\USER32.dll
0x00007ffd79620000 - 0x00007ffd79647000 	C:\windows\System32\win32u.dll
0x00007ffd572e0000 - 0x00007ffd57571000 	C:\windows\WinSxS\amd64_microsoft.windows.common-controls_6595b64144ccf1df_6.0.26100.8972_none_3e0da176e32f9d4b\COMCTL32.dll
0x00007ffd7b800000 - 0x00007ffd7b82b000 	C:\windows\System32\GDI32.dll
0x00007ffd7b100000 - 0x00007ffd7b1a9000 	C:\windows\System32\msvcrt.dll
0x00007ffd79bc0000 - 0x00007ffd79ce9000 	C:\windows\System32\gdi32full.dll
0x00007ffd79f00000 - 0x00007ffd79fa3000 	C:\windows\System32\msvcp_win.dll
0x00007ffd7bd30000 - 0x00007ffd7bd62000 	C:\windows\System32\IMM32.DLL
0x00007ffd69dd0000 - 0x00007ffd69ddc000 	c:\Users\HP\.vscode\extensions\redhat.java-1.56.0-win32-x64\jre\21.0.12.1-win32-x86_64\bin\vcruntime140_1.dll
0x00007ffd16e40000 - 0x00007ffd16ecd000 	c:\Users\HP\.vscode\extensions\redhat.java-1.56.0-win32-x64\jre\21.0.12.1-win32-x86_64\bin\msvcp140.dll
0x00007ffcbb100000 - 0x00007ffcbbea2000 	c:\Users\HP\.vscode\extensions\redhat.java-1.56.0-win32-x64\jre\21.0.12.1-win32-x86_64\bin\server\jvm.dll
0x00007ffd7ac10000 - 0x00007ffd7accc000 	C:\windows\System32\ADVAPI32.dll
0x00007ffd7b240000 - 0x00007ffd7b2ea000 	C:\windows\System32\sechost.dll
0x00007ffd7bbf0000 - 0x00007ffd7bd08000 	C:\windows\System32\RPCRT4.dll
0x00007ffd7b830000 - 0x00007ffd7b8b2000 	C:\windows\System32\WS2_32.dll
0x00007ffd78d10000 - 0x00007ffd78d6e000 	C:\windows\SYSTEM32\POWRPROF.dll
0x00007ffd6d220000 - 0x00007ffd6d22b000 	C:\windows\SYSTEM32\VERSION.dll
0x00007ffd63be0000 - 0x00007ffd63c16000 	C:\windows\SYSTEM32\WINMM.dll
0x00007ffd78ca0000 - 0x00007ffd78cb5000 	C:\windows\SYSTEM32\UMPDC.dll
0x00007ffd78160000 - 0x00007ffd7817b000 	C:\windows\SYSTEM32\kernel.appcore.dll
0x00007ffd69d70000 - 0x00007ffd69d7a000 	c:\Users\HP\.vscode\extensions\redhat.java-1.56.0-win32-x64\jre\21.0.12.1-win32-x86_64\bin\jimage.dll
0x00007ffd76900000 - 0x00007ffd76b42000 	C:\windows\SYSTEM32\DBGHELP.DLL
0x00007ffd7be40000 - 0x00007ffd7c1c5000 	C:\windows\System32\combase.dll
0x00007ffd7b6b0000 - 0x00007ffd7b789000 	C:\windows\System32\OLEAUT32.dll
0x00007ffd16630000 - 0x00007ffd1666b000 	C:\windows\SYSTEM32\dbgcore.DLL
0x00007ffd79e40000 - 0x00007ffd79eec000 	C:\windows\System32\bcryptPrimitives.dll
0x00007ffd3e9f0000 - 0x00007ffd3e9ff000 	c:\Users\HP\.vscode\extensions\redhat.java-1.56.0-win32-x64\jre\21.0.12.1-win32-x86_64\bin\instrument.dll
0x00007ffd3e9d0000 - 0x00007ffd3e9f0000 	c:\Users\HP\.vscode\extensions\redhat.java-1.56.0-win32-x64\jre\21.0.12.1-win32-x86_64\bin\java.dll
0x00007ffd79fb0000 - 0x00007ffd7a738000 	C:\windows\System32\SHELL32.dll
0x00007ffd76f00000 - 0x00007ffd7779b000 	C:\windows\SYSTEM32\windows.storage.dll
0x00007ffd7b8d0000 - 0x00007ffd7b9c9000 	C:\windows\System32\SHCORE.dll
0x00007ffd7b790000 - 0x00007ffd7b7f6000 	C:\windows\System32\shlwapi.dll
0x00007ffd793b0000 - 0x00007ffd793d9000 	C:\windows\SYSTEM32\profapi.dll
0x00007ffd3e130000 - 0x00007ffd3e148000 	c:\Users\HP\.vscode\extensions\redhat.java-1.56.0-win32-x64\jre\21.0.12.1-win32-x86_64\bin\zip.dll
0x00007ffd3e9c0000 - 0x00007ffd3e9d0000 	C:\Users\HP\.vscode\extensions\redhat.java-1.56.0-win32-x64\jre\21.0.12.1-win32-x86_64\bin\net.dll
0x00007ffd6fb80000 - 0x00007ffd6fca8000 	C:\windows\SYSTEM32\WINHTTP.dll
0x00007ffd78730000 - 0x00007ffd7879c000 	C:\windows\system32\mswsock.dll
0x00007ffd3e110000 - 0x00007ffd3e126000 	C:\Users\HP\.vscode\extensions\redhat.java-1.56.0-win32-x64\jre\21.0.12.1-win32-x86_64\bin\nio.dll
0x00007ffd3e100000 - 0x00007ffd3e110000 	c:\Users\HP\.vscode\extensions\redhat.java-1.56.0-win32-x64\jre\21.0.12.1-win32-x86_64\bin\verify.dll
0x00007ffd21bc0000 - 0x00007ffd21c05000 	C:\Users\HP\AppData\Roaming\Code\User\globalStorage\redhat.java\1.56.0\config_win\org.eclipse.equinox.launcher\org.eclipse.equinox.launcher.win32.win32.x86_64_1.3.100.v20260804-1928\eclipse_11924.dll
0x00007ffd7b9d0000 - 0x00007ffd7bb69000 	C:\windows\System32\ole32.dll
0x00007ffd3e0f0000 - 0x00007ffd3e0fa000 	C:\Users\HP\.vscode\extensions\redhat.java-1.56.0-win32-x64\jre\21.0.12.1-win32-x86_64\bin\management.dll
0x00007ffd3e0e0000 - 0x00007ffd3e0ec000 	C:\Users\HP\.vscode\extensions\redhat.java-1.56.0-win32-x64\jre\21.0.12.1-win32-x86_64\bin\management_ext.dll
0x00007ffd7a740000 - 0x00007ffd7a748000 	C:\windows\System32\PSAPI.DLL
0x00007ffd78a90000 - 0x00007ffd78aab000 	C:\windows\SYSTEM32\CRYPTSP.dll
0x00007ffd780c0000 - 0x00007ffd780f9000 	C:\windows\system32\rsaenh.dll
0x00007ffd787e0000 - 0x00007ffd78812000 	C:\windows\SYSTEM32\USERENV.dll
0x00007ffd79380000 - 0x00007ffd793aa000 	C:\windows\SYSTEM32\bcrypt.dll
0x00007ffd78ab0000 - 0x00007ffd78abc000 	C:\windows\SYSTEM32\CRYPTBASE.dll
0x00007ffd77b00000 - 0x00007ffd77b33000 	C:\windows\SYSTEM32\IPHLPAPI.DLL
0x00007ffd7bd70000 - 0x00007ffd7bd7a000 	C:\windows\System32\NSI.dll
0x00007ffd22260000 - 0x00007ffd222a9000 	C:\Users\HP\AppData\Local\Temp\jna-2312\jna18120124197875617538.dll
0x00007ffd70320000 - 0x00007ffd7033d000 	C:\windows\SYSTEM32\dhcpcsvc6.DLL
0x00007ffd70280000 - 0x00007ffd702a5000 	C:\windows\SYSTEM32\dhcpcsvc.DLL
0x00007ffd699a0000 - 0x00007ffd699ae000 	C:\Users\HP\.vscode\extensions\redhat.java-1.56.0-win32-x64\jre\21.0.12.1-win32-x86_64\bin\sunmscapi.dll
0x00007ffd79490000 - 0x00007ffd7960e000 	C:\windows\System32\CRYPT32.dll
0x00007ffd78d80000 - 0x00007ffd78db0000 	C:\windows\SYSTEM32\ncrypt.dll
0x00007ffd78cc0000 - 0x00007ffd78cff000 	C:\windows\SYSTEM32\NTASN1.dll
0x00007ffd77b90000 - 0x00007ffd77ce8000 	C:\windows\SYSTEM32\DNSAPI.dll
0x00007ffd78530000 - 0x00007ffd7853d000 	C:\windows\SYSTEM32\DSPARSE.dll
0x00007ffd6ffc0000 - 0x00007ffd6ffcb000 	C:\Windows\System32\rasadhlp.dll
0x00007ffd70520000 - 0x00007ffd705a6000 	C:\windows\System32\fwpuclnt.dll
0x00007ffd59c40000 - 0x00007ffd59c49000 	C:\Users\HP\.vscode\extensions\redhat.java-1.56.0-win32-x64\jre\21.0.12.1-win32-x86_64\bin\extnet.dll

JVMTI agents:
c:\Users\HP\.vscode\extensions\redhat.java-1.56.0-win32-x64\lombok\lombok-1.18.39-4050.jar path:c:\Users\HP\.vscode\extensions\redhat.java-1.56.0-win32-x64\jre\21.0.12.1-win32-x86_64\bin\instrument.dll, loaded, initialized, instrumentlib options:none

dbghelp: loaded successfully - version: 4.0.5 - missing functions: none
symbol engine: initialized successfully - sym options: 0x614 - pdb path: .;c:\Users\HP\.vscode\extensions\redhat.java-1.56.0-win32-x64\jre\21.0.12.1-win32-x86_64\bin;C:\windows\SYSTEM32;C:\windows\WinSxS\amd64_microsoft.windows.common-controls_6595b64144ccf1df_6.0.26100.8972_none_3e0da176e32f9d4b;c:\Users\HP\.vscode\extensions\redhat.java-1.56.0-win32-x64\jre\21.0.12.1-win32-x86_64\bin\server;C:\Users\HP\AppData\Roaming\Code\User\globalStorage\redhat.java\1.56.0\config_win\org.eclipse.equinox.launcher\org.eclipse.equinox.launcher.win32.win32.x86_64_1.3.100.v20260804-1928;C:\Users\HP\AppData\Local\Temp\jna-2312

VM Arguments:
jvm_args: --add-modules=ALL-SYSTEM --add-opens=java.base/java.util=ALL-UNNAMED --add-opens=java.base/java.lang=ALL-UNNAMED --add-opens=java.base/sun.nio.fs=ALL-UNNAMED -Declipse.application=org.eclipse.jdt.ls.core.id1 -Dosgi.bundles.defaultStartLevel=4 -Declipse.product=org.eclipse.jdt.ls.core.product -Djava.import.generatesMetadataFilesAtProjectRoot=false -Dm2e.project.cache.size=50 -DDetectVMInstallationsJob.disabled=true -Dfile.encoding=utf8 -XX:+UseParallelGC -XX:GCTimeRatio=4 -XX:AdaptiveSizePolicyWeight=90 -Dsun.zip.disableMemoryMapping=true -Xmx2G -Xms100m -Xlog:disable -javaagent:c:\Users\HP\.vscode\extensions\redhat.java-1.56.0-win32-x64\lombok\lombok-1.18.39-4050.jar -XX:+HeapDumpOnOutOfMemoryError -XX:HeapDumpPath=c:\Users\HP\AppData\Roaming\Code\User\workspaceStorage\1c718b16ee8a15ff31c0a31035361a0a\redhat.java -Daether.dependencyCollector.impl=bf 
java_command: c:\Users\HP\.vscode\extensions\redhat.java-1.56.0-win32-x64\server\plugins\org.eclipse.equinox.launcher_1.8.0.v20260804-1928.jar -configuration c:\Users\HP\AppData\Roaming\Code\User\globalStorage\redhat.java\1.56.0\config_win -data c:\Users\HP\AppData\Roaming\Code\User\workspaceStorage\1c718b16ee8a15ff31c0a31035361a0a\redhat.java\jdt_ws --stdio
java_class_path (initial): c:\Users\HP\.vscode\extensions\redhat.java-1.56.0-win32-x64\server\plugins\org.eclipse.equinox.launcher_1.8.0.v20260804-1928.jar
Launcher Type: SUN_STANDARD

[Global flags]
    uintx AdaptiveSizePolicyWeight                 = 90                                        {product} {command line}
     intx CICompilerCount                          = 4                                         {product} {ergonomic}
    uintx GCTimeRatio                              = 4                                         {product} {command line}
     bool HeapDumpOnOutOfMemoryError               = true                                   {manageable} {command line}
    ccstr HeapDumpPath                             = c:\Users\HP\AppData\Roaming\Code\User\workspaceStorage\1c718b16ee8a15ff31c0a31035361a0a\redhat.java         {manageable} {command line}
   size_t InitialHeapSize                          = 104857600                                 {product} {command line}
   size_t MaxHeapSize                              = 2147483648                                {product} {command line}
   size_t MaxNewSize                               = 715653120                                 {product} {ergonomic}
   size_t MinHeapDeltaBytes                        = 524288                                    {product} {ergonomic}
   size_t MinHeapSize                              = 104857600                                 {product} {command line}
   size_t NewSize                                  = 34603008                                  {product} {ergonomic}
    uintx NonNMethodCodeHeapSize                   = 5839372                                {pd product} {ergonomic}
    uintx NonProfiledCodeHeapSize                  = 122909434                              {pd product} {ergonomic}
   size_t OldSize                                  = 70254592                                  {product} {ergonomic}
    uintx ProfiledCodeHeapSize                     = 122909434                              {pd product} {ergonomic}
    uintx ReservedCodeCacheSize                    = 251658240                              {pd product} {ergonomic}
     bool SegmentedCodeCache                       = true                                      {product} {ergonomic}
   size_t SoftMaxHeapSize                          = 2147483648                             {manageable} {ergonomic}
     bool UseCompressedOops                        = true                           {product lp64_product} {ergonomic}
     bool UseLargePagesIndividualAllocation        = false                                  {pd product} {ergonomic}
     bool UseParallelGC                            = true                                      {product} {command line}

Logging:
Log output configuration:
 #0: stdout all=off uptime,level,tags foldmultilines=false
 #1: stderr all=off uptime,level,tags foldmultilines=false

Release file:
JAVA_VERSION="21.0.12.1" 
MODULES="java.base java.compiler java.datatransfer java.xml java.prefs java.desktop java.instrument java.logging java.management java.security.sasl java.naming java.rmi java.management.rmi java.net.http java.scripting java.security.jgss java.transaction.xa java.sql java.sql.rowset java.xml.crypto java.se java.smartcardio jdk.accessibility jdk.internal.jvmstat jdk.attach jdk.charsets jdk.internal.opt jdk.zipfs jdk.compiler jdk.crypto.ec jdk.crypto.cryptoki jdk.crypto.mscapi jdk.dynalink jdk.internal.ed jdk.editpad jdk.hotspot.agent jdk.httpserver jdk.internal.le jdk.internal.vm.ci jdk.internal.vm.compiler jdk.internal.vm.compiler.management jdk.jartool jdk.javadoc jdk.jcmd jdk.management jdk.management.agent jdk.jconsole jdk.jdeps jdk.jdwp.agent jdk.jdi jdk.jfr jdk.jshell jdk.jsobject jdk.jstatd jdk.localedata jdk.management.jfr jdk.naming.dns jdk.naming.rmi jdk.net jdk.nio.mapmode jdk.random jdk.sctp jdk.security.auth jdk.security.jgss jdk.unsupported jdk.unsupported.desktop jdk.xml.dom" 

Environment Variables:
PATH=C:\Program Files\Common Files\Oracle\Java\javapath;C:\windows\system32;C:\windows;C:\windows\System32\Wbem;C:\windows\System32\WindowsPowerShell\v1.0\;C:\windows\System32\OpenSSH\;C:\Program Files (x86)\NVIDIA Corporation\PhysX\Common;C:\Program Files\NVIDIA Corporation\NVIDIA NvDLISR;C:\Users\Administrator\AppData\Local\Microsoft\WindowsApps;C:\Program Files\HP\OMEN-Broadcast\Common;C:\Program Files\Git\cmd;C:\Program Files\nodejs\;C:\Users\HP\AppData\Local\Programs\Python\Python311\Scripts\;C:\Users\HP\AppData\Local\Programs\Python\Python311\;C:\Users\HP\AppData\Local\Programs\Python\Python310\Scripts\;C:\Users\HP\AppData\Local\Programs\Python\Python310\;C:\Users\HP\AppData\Local\Microsoft\WindowsApps;C:\Users\HP\AppData\Local\Programs\Microsoft VS Code\bin;C:\Users\HP\AppData\Roaming\npm
USERNAME=HP
OS=Windows_NT
PROCESSOR_IDENTIFIER=Intel64 Family 6 Model 186 Stepping 2, GenuineIntel
TMP=C:\Users\HP\AppData\Local\Temp
TEMP=C:\Users\HP\AppData\Local\Temp




Periodic native trim disabled

---------------  S Y S T E M  ---------------

OS:
 Windows 11 , 64 bit Build 26100 (10.0.26100.9168)
OS uptime: 20 days 17:32 hours
Hyper-V role detected

CPU: total 12 (initial active 12) (6 cores per cpu, 2 threads per core) family 6 model 186 stepping 2 microcode 0x6134, cx8, cmov, fxsr, ht, mmx, 3dnowpref, sse, sse2, sse3, ssse3, sse4.1, sse4.2, popcnt, lzcnt, tsc, tscinvbit, avx, avx2, aes, erms, clmul, bmi1, bmi2, adx, sha, fma, vzeroupper, clflush, clflushopt, clwb, hv, serialize, rdtscp, rdpid, fsrm, f16c, cet_ibt, cet_ss
Processor Information for processor 0
  Max Mhz: 2100, Current Mhz: 2100, Mhz Limit: 2100
Processor Information for processor 1
  Max Mhz: 2100, Current Mhz: 2100, Mhz Limit: 2100
Processor Information for processor 2
  Max Mhz: 2100, Current Mhz: 2100, Mhz Limit: 2100
Processor Information for processor 3
  Max Mhz: 2100, Current Mhz: 2100, Mhz Limit: 2100
Processor Information for processor 4
  Max Mhz: 2100, Current Mhz: 2100, Mhz Limit: 2100
Processor Information for processor 5
  Max Mhz: 2100, Current Mhz: 2100, Mhz Limit: 2100
Processor Information for processor 6
  Max Mhz: 2100, Current Mhz: 2100, Mhz Limit: 2100
Processor Information for processor 7
  Max Mhz: 2100, Current Mhz: 1453, Mhz Limit: 2100
Processor Information for processor 8
  Max Mhz: 2100, Current Mhz: 2100, Mhz Limit: 2100
Processor Information for processor 9
  Max Mhz: 2100, Current Mhz: 2100, Mhz Limit: 2100
Processor Information for processor 10
  Max Mhz: 2100, Current Mhz: 1540, Mhz Limit: 2100
Processor Information for processor 11
  Max Mhz: 2100, Current Mhz: 1540, Mhz Limit: 2100

Memory: 4k page, system-wide physical 16013M (2479M free)
TotalPageFile size 45683M (AvailPageFile size 557M)
current process WorkingSet (physical memory assigned to process): 446M, peak: 1810M
current process commit charge ("private bytes"): 549M, peak: 1735M

vm_info: OpenJDK 64-Bit Server VM (21.0.12.1+1-LTS) for windows-amd64 JRE (21.0.12.1+1-LTS), built on 2026-08-18T00:00:00Z by "admin" with MS VC++ 17.12 (VS2022)

END.
